MPLINK 5.09, LINKER
Linker Map File - Created Sun Jan 11 17:16:06 2026

                                 Section Info
                  Section       Type    Address   Location Size(Bytes)
                ---------  ---------  ---------  ---------  ---------
                   .org_0       code   0x000000    program   0x000002
                   .cinit    romdata   0x000001    program   0x000004
                   .org_1       code   0x000004    program   0x000092
.config_2007_BUILD/DEFAULT/PRODUCTION/COUNTER       code   0x002007    program   0x000002



                              Program Memory Usage 
                               Start         End      
                           ---------   ---------      
                            0x000000    0x000002      
                            0x000004    0x00004c      
                            0x002007    0x002007      
            77 out of 1094 program addresses used, program memory utilization is 7%



                              Symbols - Sorted by Name
                     Name    Address   Location    Storage File                     
                ---------  ---------  ---------  --------- ---------                
                    Blink   0x00003a    program     static C:\Users\johns\Downloads\coding-software\Developer Folders\RemoteRepo\bit-banging\COUNTER.X\COUNTER.asm
                    Delay   0x00003f    program     static C:\Users\johns\Downloads\coding-software\Developer Folders\RemoteRepo\bit-banging\COUNTER.X\COUNTER.asm
                     Init   0x000004    program     static C:\Users\johns\Downloads\coding-software\Developer Folders\RemoteRepo\bit-banging\COUNTER.X\COUNTER.asm
                     Loop   0x000033    program     static C:\Users\johns\Downloads\coding-software\Developer Folders\RemoteRepo\bit-banging\COUNTER.X\COUNTER.asm
                 STATE_Q0   0x00000b    program     static C:\Users\johns\Downloads\coding-software\Developer Folders\RemoteRepo\bit-banging\COUNTER.X\COUNTER.asm
                 STATE_Q1   0x00001f    program     static C:\Users\johns\Downloads\coding-software\Developer Folders\RemoteRepo\bit-banging\COUNTER.X\COUNTER.asm
                STATE_Q10   0x000031    program     static C:\Users\johns\Downloads\coding-software\Developer Folders\RemoteRepo\bit-banging\COUNTER.X\COUNTER.asm
                STATE_Q11   0x000037    program     static C:\Users\johns\Downloads\coding-software\Developer Folders\RemoteRepo\bit-banging\COUNTER.X\COUNTER.asm
                 STATE_Q2   0x000021    program     static C:\Users\johns\Downloads\coding-software\Developer Folders\RemoteRepo\bit-banging\COUNTER.X\COUNTER.asm
                 STATE_Q3   0x000023    program     static C:\Users\johns\Downloads\coding-software\Developer Folders\RemoteRepo\bit-banging\COUNTER.X\COUNTER.asm
                 STATE_Q4   0x000025    program     static C:\Users\johns\Downloads\coding-software\Developer Folders\RemoteRepo\bit-banging\COUNTER.X\COUNTER.asm
                 STATE_Q5   0x000027    program     static C:\Users\johns\Downloads\coding-software\Developer Folders\RemoteRepo\bit-banging\COUNTER.X\COUNTER.asm
                 STATE_Q6   0x000029    program     static C:\Users\johns\Downloads\coding-software\Developer Folders\RemoteRepo\bit-banging\COUNTER.X\COUNTER.asm
                 STATE_Q7   0x00002b    program     static C:\Users\johns\Downloads\coding-software\Developer Folders\RemoteRepo\bit-banging\COUNTER.X\COUNTER.asm
                 STATE_Q8   0x00002d    program     static C:\Users\johns\Downloads\coding-software\Developer Folders\RemoteRepo\bit-banging\COUNTER.X\COUNTER.asm
                 STATE_Q9   0x00002f    program     static C:\Users\johns\Downloads\coding-software\Developer Folders\RemoteRepo\bit-banging\COUNTER.X\COUNTER.asm
                     loop   0x000045    program     static C:\Users\johns\Downloads\coding-software\Developer Folders\RemoteRepo\bit-banging\COUNTER.X\COUNTER.asm
                  retfile   0x000004    program     static C:\Users\johns\Downloads\coding-software\Developer Folders\RemoteRepo\bit-banging\COUNTER.X\COUNTER.asm



                              Symbols - Sorted by Address
                     Name    Address   Location    Storage File                     
                ---------  ---------  ---------  --------- ---------                
                  retfile   0x000004    program     static C:\Users\johns\Downloads\coding-software\Developer Folders\RemoteRepo\bit-banging\COUNTER.X\COUNTER.asm
                     Init   0x000004    program     static C:\Users\johns\Downloads\coding-software\Developer Folders\RemoteRepo\bit-banging\COUNTER.X\COUNTER.asm
                 STATE_Q0   0x00000b    program     static C:\Users\johns\Downloads\coding-software\Developer Folders\RemoteRepo\bit-banging\COUNTER.X\COUNTER.asm
                 STATE_Q1   0x00001f    program     static C:\Users\johns\Downloads\coding-software\Developer Folders\RemoteRepo\bit-banging\COUNTER.X\COUNTER.asm
                 STATE_Q2   0x000021    program     static C:\Users\johns\Downloads\coding-software\Developer Folders\RemoteRepo\bit-banging\COUNTER.X\COUNTER.asm
                 STATE_Q3   0x000023    program     static C:\Users\johns\Downloads\coding-software\Developer Folders\RemoteRepo\bit-banging\COUNTER.X\COUNTER.asm
                 STATE_Q4   0x000025    program     static C:\Users\johns\Downloads\coding-software\Developer Folders\RemoteRepo\bit-banging\COUNTER.X\COUNTER.asm
                 STATE_Q5   0x000027    program     static C:\Users\johns\Downloads\coding-software\Developer Folders\RemoteRepo\bit-banging\COUNTER.X\COUNTER.asm
                 STATE_Q6   0x000029    program     static C:\Users\johns\Downloads\coding-software\Developer Folders\RemoteRepo\bit-banging\COUNTER.X\COUNTER.asm
                 STATE_Q7   0x00002b    program     static C:\Users\johns\Downloads\coding-software\Developer Folders\RemoteRepo\bit-banging\COUNTER.X\COUNTER.asm
                 STATE_Q8   0x00002d    program     static C:\Users\johns\Downloads\coding-software\Developer Folders\RemoteRepo\bit-banging\COUNTER.X\COUNTER.asm
                 STATE_Q9   0x00002f    program     static C:\Users\johns\Downloads\coding-software\Developer Folders\RemoteRepo\bit-banging\COUNTER.X\COUNTER.asm
                STATE_Q10   0x000031    program     static C:\Users\johns\Downloads\coding-software\Developer Folders\RemoteRepo\bit-banging\COUNTER.X\COUNTER.asm
                     Loop   0x000033    program     static C:\Users\johns\Downloads\coding-software\Developer Folders\RemoteRepo\bit-banging\COUNTER.X\COUNTER.asm
                STATE_Q11   0x000037    program     static C:\Users\johns\Downloads\coding-software\Developer Folders\RemoteRepo\bit-banging\COUNTER.X\COUNTER.asm
                    Blink   0x00003a    program     static C:\Users\johns\Downloads\coding-software\Developer Folders\RemoteRepo\bit-banging\COUNTER.X\COUNTER.asm
                    Delay   0x00003f    program     static C:\Users\johns\Downloads\coding-software\Developer Folders\RemoteRepo\bit-banging\COUNTER.X\COUNTER.asm
                     loop   0x000045    program     static C:\Users\johns\Downloads\coding-software\Developer Folders\RemoteRepo\bit-banging\COUNTER.X\COUNTER.asm


