MPASM 5.87                       DECODER.ASM   1-11-2026  16:29:25         PAGE  1


LOC  OBJECT CODE     LINE SOURCE TEXT
  VALUE

Warning[205]: Found directive in column 1. (list)
                      00001 list p=16f84a
                      00002 #include <p16f84a.inc>
                      00001         LIST
                      00002 
                      00003 ;==========================================================================
                      00004 ; Build date : Jan 06 2020
                      00005 ;  MPASM PIC16F84A processor include
                      00006 ; 
                      00007 ;  (c) Copyright 1999-2020 Microchip Technology, All rights reserved
                      00008 ;==========================================================================
                      00009 
                      00209         LIST
Warning[205]: Found directive in column 1. (__CONFIG)
2007   3FF1           00003 __CONFIG _CP_OFF & _PWRTE_ON & _WDT_OFF & _XT_OSC
                      00004     
  00000003            00005 STATUS EQU 03H
  00000005            00006 PORTA EQU 05H
  00000006            00007 PORTB EQU 06H
  00000085            00008 TRISA EQU 85H
  00000086            00009 TRISB EQU 86H
  0000000C            00010 CounterC EQU 0CH
  0000000D            00011 CounterB EQU 0DH
  0000000E            00012 CounterA EQU 0EH
  0000000F            00013 TEMP EQU 0FH
  0000001F            00014 BitBang EQU 1FH
                      00015 
                      00016         ORG 00h
0000   2???           00017                 goto Init
                      00018         ORG 04h
Warning[207]: Found label after column 1. (retfile)
0004                  00019                 retfile
0004                  00020 Init
                      00021 
Warning[203]: Found opcode in column 1. (BSF)
0004   1683           00022 BSF STATUS, 5
Warning[203]: Found opcode in column 1. (MOVLW)
0005   3007           00023 MOVLW 0x07
Warning[203]: Found opcode in column 1. (MOVWF)
Message[302]: Register in operand not in bank 0.  Ensure that bank bits are correct.
0006   0085           00024 MOVWF TRISA
Warning[203]: Found opcode in column 1. (MOVLW)
0007   3000           00025 MOVLW 0X00
Warning[203]: Found opcode in column 1. (MOVWF)
Message[302]: Register in operand not in bank 0.  Ensure that bank bits are correct.
0008   0086           00026 MOVWF TRISB
Warning[203]: Found opcode in column 1. (BCF)
0009   1283           00027 BCF STATUS, 5
Warning[203]: Found opcode in column 1. (CLRF)
000A   0185           00028 CLRF PORTA
Warning[203]: Found opcode in column 1. (CLRF)
000B   0186           00029 CLRF PORTB
                      00030 
MPASM 5.87                       DECODER.ASM   1-11-2026  16:29:25         PAGE  2


LOC  OBJECT CODE     LINE SOURCE TEXT
  VALUE

000C                  00031 STATE_Q0
000C   1C85           00032     BTFSS PORTA, 1
000D   2???           00033     goto STATE_Q0 ; if RA1 = 0, stay in STATE Q0 there are no pulses
                      00034     
000E   2???           00035     goto STATE_Q1 ; if RA1 = 1, goto STATE_Q1 there are pulses
                      00036     
000F                  00037 STATE_Q1
                      00038 
000F   1905           00039     BTFSC PORTA, 2
0010   2???           00040     goto STATE_Q3  ; if RA2 = 1, Proceed to STATE_Q3
                      00041     
0011   2???           00042     goto STATE_Q2 ; if RA2 = 0, Proceed to STATE_Q2
                      00043 
                      00044 ; NON-CUMULATIVE MODE    
0012                  00045 STATE_Q2    
                      00046     ; Clear display back to 0000 0000 
0012   0186           00047     CLRF PORTB
                      00048     
0013   1805           00049     BTFSC PORTA, 0
0014   2???           00050     goto STATE_Q3 ; if RA0 = 1, proceed to STATE_Q3
                      00051     
0015   2???           00052     goto STATE_Q2 ; if RA0 = 0, stay in STATE_Q2 
                      00053 
                      00054 ; CUMULATIVE MODE    
0016                  00055 STATE_Q3
0016   1805           00056     BTFSC PORTA, 0
0017   2???           00057     call STATE_Q4 ; if RA0 = 1, proceed to STATE_Q4
                      00058 
                      00059     ; Stay here while sender is still sending pulses
0018   1885           00060     BTFSC PORTA, 1
0019   2???           00061     goto STATE_Q3 ; if RA1 = 1, stay in STATE_Q3
                      00062 
                      00063     ; All pulses have been received
001A   2???           00064     goto STATE_Q0 ; RA0 = 0, return to STATE_Q0 
                      00065 
001B                  00066 STATE_Q4
                      00067    ; Increments display by 1 for every pulse  
001B   3001           00068    MOVLW 0x01
Message[305]: Using default destination of 1 (file).
001C   0786           00069    ADDWF PORTB
001D   2???           00070    call Delay
001E   0008           00071    return
                      00072   
001F                  00073 Clear
001F   2???           00074    call Delay
0020   1C85           00075    BTFSS PORTA, 1
0021   0186           00076    CLRF PORTB
0022   0008           00077    return
                      00078                 
0023                  00079 Delay
0023   3002           00080     movlw D'2'
0024   008C           00081     movwf CounterC
0025   3006           00082     movlw D'6'
MPASM 5.87                       DECODER.ASM   1-11-2026  16:29:25         PAGE  3


LOC  OBJECT CODE     LINE SOURCE TEXT
  VALUE

0026   008D           00083     movwf CounterB
0027   30A7           00084     movlw D'167'
0028   008E           00085     movwf CounterA
                      00086    
0029                  00087 loop
0029   0B8E           00088     decfsz CounterA, 1
002A   2???           00089     goto loop
002B   0B8D           00090     decfsz CounterB, 1
002C   2???           00091     goto loop
002D   0B8C           00092     decfsz CounterC, 1
002E   2???           00093     goto loop
002F   0000           00094     nop
0030   0008           00095     return
                      00096 
Warning[205]: Found directive in column 1. (end)
3FF1                  00097 end
MPASM 5.87                       DECODER.ASM   1-11-2026  16:29:25         PAGE  4


SYMBOL TABLE
  LABEL                             VALUE 

BitBang                           0000001F
C                                 00000000
Clear                             0000001F
CounterA                          0000000E
CounterB                          0000000D
CounterC                          0000000C
DC                                00000001
Delay                             00000023
EEADR                             00000009
EECON1                            00000088
EECON2                            00000089
EEDATA                            00000008
EEIE                              00000006
EEIF                              00000004
F                                 00000001
FSR                               00000004
GIE                               00000007
INDF                              00000000
INTCON                            0000000B
INTE                              00000004
INTEDG                            00000006
INTF                              00000001
IRP                               00000007
Init                              00000004
NOT_PD                            00000003
NOT_RBPU                          00000007
NOT_TO                            00000004
OPTION_REG                        00000081
PCL                               00000002
PCLATH                            0000000A
PORTA                             00000005
PORTB                             00000006
PS0                               00000000
PS1                               00000001
PS2                               00000002
PSA                               00000003
RA0                               00000000
RA1                               00000001
RA2                               00000002
RA3                               00000003
RA4                               00000004
RB0                               00000000
RB1                               00000001
RB2                               00000002
RB3                               00000003
RB4                               00000004
RB5                               00000005
RB6                               00000006
RB7                               00000007
RBIE                              00000003
RBIF                              00000000
RD                                00000000
RP0                               00000005
MPASM 5.87                       DECODER.ASM   1-11-2026  16:29:25         PAGE  5


SYMBOL TABLE
  LABEL                             VALUE 

RP1                               00000006
STATE_Q0                          0000000C
STATE_Q1                          0000000F
STATE_Q2                          00000012
STATE_Q3                          00000016
STATE_Q4                          0000001B
STATUS                            00000003
T0CS                              00000005
T0IE                              00000005
T0IF                              00000002
T0SE                              00000004
TEMP                              0000000F
TMR0                              00000001
TMR0IE                            00000005
TMR0IF                            00000002
TRISA                             00000085
TRISA0                            00000000
TRISA1                            00000001
TRISA2                            00000002
TRISA3                            00000003
TRISA4                            00000004
TRISB                             00000086
TRISB0                            00000000
TRISB1                            00000001
TRISB2                            00000002
TRISB3                            00000003
TRISB4                            00000004
TRISB5                            00000005
TRISB6                            00000006
TRISB7                            00000007
W                                 00000000
WR                                00000001
WREN                              00000002
WRERR                             00000003
Z                                 00000002
_CONFIG                           00002007
_CP_OFF                           00003FFF
_CP_ON                            0000000F
_DEVID1                           00002006
_FOSC_EXTRC                       00003FFF
_FOSC_HS                          00003FFE
_FOSC_LP                          00003FFC
_FOSC_XT                          00003FFD
_HS_OSC                           00003FFE
_IDLOC0                           00002000
_IDLOC1                           00002001
_IDLOC2                           00002002
_IDLOC3                           00002003
_LP_OSC                           00003FFC
_PWRTE_OFF                        00003FFF
_PWRTE_ON                         00003FF7
_RC_OSC                           00003FFF
_WDTE_OFF                         00003FFB
MPASM 5.87                       DECODER.ASM   1-11-2026  16:29:25         PAGE  6


SYMBOL TABLE
  LABEL                             VALUE 

_WDTE_ON                          00003FFF
_WDT_OFF                          00003FFB
_WDT_ON                           00003FFF
_XT_OSC                           00003FFD
__16F84A                          00000001
loop                              00000029
retfile                           00000004

Errors   :     0
Warnings :    12 reported,     0 suppressed
Messages :     3 reported,     0 suppressed

