MPASM 5.87                       COUNTER.ASM   1-11-2026  17:16:05         PAGE  1


LOC  OBJECT CODE     LINE SOURCE TEXT
  VALUE

Warning[205]: Found directive in column 1. (list)
                      00001 list p=16f84a
                      00002 #include <p16f84a.inc>
                      00001         LIST
                      00002 
                      00003 ;==========================================================================
                      00004 ; Build date : Jan 06 2020
                      00005 ;  MPASM PIC16F84A processor include
                      00006 ; 
                      00007 ;  (c) Copyright 1999-2020 Microchip Technology, All rights reserved
                      00008 ;==========================================================================
                      00009 
                      00209         LIST
Warning[205]: Found directive in column 1. (__CONFIG)
2007   3FF1           00003 __CONFIG _CP_OFF & _PWRTE_ON & _WDT_OFF & _XT_OSC
                      00004     
  00000003            00005 STATUS EQU 03H
  00000005            00006 PORTA EQU 05H
  00000006            00007 PORTB EQU 06H
  00000085            00008 TRISA EQU 85H
  00000086            00009 TRISB EQU 86H
  0000000C            00010 CounterC EQU 0CH
  0000000D            00011 CounterB EQU 0DH
  0000000E            00012 CounterA EQU 0EH
  0000000F            00013 TEMP EQU 0FH
  0000001F            00014 BitBang EQU 1FH
                      00015 
                      00016         ORG 00h
0000   2???           00017                 goto Init
                      00018         ORG 04h
Warning[207]: Found label after column 1. (retfile)
0004                  00019                 retfile
0004                  00020 Init
                      00021 
Warning[203]: Found opcode in column 1. (BSF)
0004   1683           00022 BSF STATUS, 5
Warning[203]: Found opcode in column 1. (MOVLW)
0005   301F           00023 MOVLW 0x1F
Warning[203]: Found opcode in column 1. (MOVWF)
Message[302]: Register in operand not in bank 0.  Ensure that bank bits are correct.
0006   0085           00024 MOVWF TRISA
Warning[203]: Found opcode in column 1. (MOVLW)
0007   300F           00025 MOVLW 0X0F
Warning[203]: Found opcode in column 1. (MOVWF)
Message[302]: Register in operand not in bank 0.  Ensure that bank bits are correct.
0008   0086           00026 MOVWF TRISB
Warning[203]: Found opcode in column 1. (BCF)
0009   1283           00027 BCF STATUS, 5
Warning[203]: Found opcode in column 1. (CLRF)
000A   0186           00028 CLRF PORTB
                      00029 
                      00030 
000B                  00031 STATE_Q0
MPASM 5.87                       COUNTER.ASM   1-11-2026  17:16:05         PAGE  2


LOC  OBJECT CODE     LINE SOURCE TEXT
  VALUE

000B   3000           00032     MOVLW D'0' ; 0 is default value
                      00033 
                      00034     ; Bit bang counter 1-9      
000C   1805           00035     BTFSC PORTA, 0
000D   2???           00036     goto STATE_Q1 ; if RA0 = 1 
                      00037     
000E   1885           00038     BTFSC PORTA, 1
000F   2???           00039     goto STATE_Q2 ; if RA1 = 1
                      00040     
0010   1905           00041     BTFSC PORTA, 2
0011   2???           00042     goto STATE_Q3 ; if RA2 = 1
                      00043     
0012   1985           00044     BTFSC PORTA, 3
0013   2???           00045     goto STATE_Q4 ; if RA3 = 1
                      00046     
0014   1A05           00047     BTFSC PORTA, 4
0015   2???           00048     goto STATE_Q5 ; if RA4 = 1
                      00049     
0016   1806           00050     BTFSC PORTB, 0
0017   2???           00051     goto STATE_Q6 ; if RB0 = 1
                      00052     
0018   1886           00053     BTFSC PORTB, 1
0019   2???           00054     goto STATE_Q7 ; if RB1 = 1
                      00055     
001A   1906           00056     BTFSC PORTB, 2
001B   2???           00057     goto STATE_Q8 ; if RB2 = 1
                      00058     
001C   1986           00059     BTFSC PORTB, 3
001D   2???           00060     goto STATE_Q9 ; if RB3 = 1
                      00061     
001E   2???           00062     goto STATE_Q0 ; stays in STATE_Q0 when no input
                      00063 
001F                  00064 STATE_Q1
001F   3001           00065     MOVLW D'1' ; adds 1 for 1 pulse
0020   2???           00066     goto STATE_Q10 ; goto STATE_Q10 to send the pulses
                      00067 
0021                  00068 STATE_Q2
0021   3002           00069     MOVLW D'2' ; adds 2 for 2 pulses
0022   2???           00070     goto STATE_Q10 ; goto STATE_Q10 to send the pulses
                      00071 
0023                  00072 STATE_Q3
0023   3003           00073     MOVLW D'3' ; adds 3 for 3 pulses
0024   2???           00074     goto STATE_Q10 ; goto STATE_Q10 to send the pulses
                      00075 
0025                  00076 STATE_Q4
0025   3004           00077     MOVLW D'4' ; adds 4 for 4 pulses
0026   2???           00078     goto STATE_Q10 ; goto STATE_Q10 to send the pulses
                      00079     
0027                  00080 STATE_Q5
0027   3005           00081     MOVLW D'5' ; adds 5 for 5 pulses
0028   2???           00082     goto STATE_Q10 ; goto STATE_Q10 to send the pulses
                      00083     
0029                  00084 STATE_Q6
MPASM 5.87                       COUNTER.ASM   1-11-2026  17:16:05         PAGE  3


LOC  OBJECT CODE     LINE SOURCE TEXT
  VALUE

0029   3006           00085     MOVLW D'6' ; adds 6 for 6 pulses
002A   2???           00086     goto STATE_Q10 ; goto STATE_Q10 to send the pulses
                      00087     
002B                  00088 STATE_Q7
002B   3007           00089     MOVLW D'7' ; adds 7 for 7 pulses
002C   2???           00090     goto STATE_Q10 ; goto STATE_Q10 to send the pulses
                      00091     
002D                  00092 STATE_Q8
002D   3008           00093     MOVLW D'8' ; adds 8 for 8 pulses
002E   2???           00094     goto STATE_Q10 ; goto STATE_Q10 to send the pulses
                      00095     
002F                  00096 STATE_Q9        
002F   3009           00097     MOVLW D'9' ; adds 9 for 9 pulses
0030   2???           00098     goto STATE_Q10 ; goto STATE_Q10 to send the pulses
                      00099 
0031                  00100 STATE_Q10
0031   3E01           00101     ADDLW D'1' ; offset by 1
Message[305]: Using default destination of 1 (file).
0032   079F           00102     ADDWF BitBang
                      00103     
                      00104     ; Sets rising edge of pulse
Warning[207]: Found label after column 1. (Loop)
0033                  00105     Loop
0033   0B9F           00106         DECFSZ BitBang, 1
0034   2???           00107         goto Blink
                      00108 
                      00109     ; Set RA5 to 0 (off)
0035   1286           00110     BCF PORTB, 5
                      00111 
0036   2???           00112     goto STATE_Q0
                      00113 
0037                  00114 STATE_Q11
                      00115     ; Sets falling edge of pulse
0037   2???           00116     Call Delay
0038   1206           00117     BCF PORTB, 4
0039   2???           00118     goto Loop
                      00119     
003A                  00120 Blink
                      00121     ; Set RA5 to 1 (on)
003A   1E86           00122     BTFSS PORTB, 5
003B   1686           00123     BSF PORTB, 5
                      00124     
003C   2???           00125     Call Delay
003D   1606           00126     BSF PORTB, 4
                      00127     
003E   2???           00128     goto STATE_Q11
                      00129     
                      00130                 
003F                  00131 Delay
003F   3002           00132     movlw D'2'
0040   008C           00133     movwf CounterC
0041   3006           00134     movlw D'6'
0042   008D           00135     movwf CounterB
MPASM 5.87                       COUNTER.ASM   1-11-2026  17:16:05         PAGE  4


LOC  OBJECT CODE     LINE SOURCE TEXT
  VALUE

0043   30A7           00136     movlw D'167'
0044   008E           00137     movwf CounterA
                      00138    
0045                  00139 loop
0045   0B8E           00140     decfsz CounterA, 1
0046   2???           00141     goto loop
0047   0B8D           00142     decfsz CounterB, 1
0048   2???           00143     goto loop
0049   0B8C           00144     decfsz CounterC, 1
004A   2???           00145     goto loop
004B   0000           00146     nop
004C   0008           00147     return
                      00148 
Warning[205]: Found directive in column 1. (end)
3FF1                  00149 end
MPASM 5.87                       COUNTER.ASM   1-11-2026  17:16:05         PAGE  5


SYMBOL TABLE
  LABEL                             VALUE 

BitBang                           0000001F
Blink                             0000003A
C                                 00000000
CounterA                          0000000E
CounterB                          0000000D
CounterC                          0000000C
DC                                00000001
Delay                             0000003F
EEADR                             00000009
EECON1                            00000088
EECON2                            00000089
EEDATA                            00000008
EEIE                              00000006
EEIF                              00000004
F                                 00000001
FSR                               00000004
GIE                               00000007
INDF                              00000000
INTCON                            0000000B
INTE                              00000004
INTEDG                            00000006
INTF                              00000001
IRP                               00000007
Init                              00000004
Loop                              00000033
NOT_PD                            00000003
NOT_RBPU                          00000007
NOT_TO                            00000004
OPTION_REG                        00000081
PCL                               00000002
PCLATH                            0000000A
PORTA                             00000005
PORTB                             00000006
PS0                               00000000
PS1                               00000001
PS2                               00000002
PSA                               00000003
RA0                               00000000
RA1                               00000001
RA2                               00000002
RA3                               00000003
RA4                               00000004
RB0                               00000000
RB1                               00000001
RB2                               00000002
RB3                               00000003
RB4                               00000004
RB5                               00000005
RB6                               00000006
RB7                               00000007
RBIE                              00000003
RBIF                              00000000
RD                                00000000
MPASM 5.87                       COUNTER.ASM   1-11-2026  17:16:05         PAGE  6


SYMBOL TABLE
  LABEL                             VALUE 

RP0                               00000005
RP1                               00000006
STATE_Q0                          0000000B
STATE_Q1                          0000001F
STATE_Q10                         00000031
STATE_Q11                         00000037
STATE_Q2                          00000021
STATE_Q3                          00000023
STATE_Q4                          00000025
STATE_Q5                          00000027
STATE_Q6                          00000029
STATE_Q7                          0000002B
STATE_Q8                          0000002D
STATE_Q9                          0000002F
STATUS                            00000003
T0CS                              00000005
T0IE                              00000005
T0IF                              00000002
T0SE                              00000004
TEMP                              0000000F
TMR0                              00000001
TMR0IE                            00000005
TMR0IF                            00000002
TRISA                             00000085
TRISA0                            00000000
TRISA1                            00000001
TRISA2                            00000002
TRISA3                            00000003
TRISA4                            00000004
TRISB                             00000086
TRISB0                            00000000
TRISB1                            00000001
TRISB2                            00000002
TRISB3                            00000003
TRISB4                            00000004
TRISB5                            00000005
TRISB6                            00000006
TRISB7                            00000007
W                                 00000000
WR                                00000001
WREN                              00000002
WRERR                             00000003
Z                                 00000002
_CONFIG                           00002007
_CP_OFF                           00003FFF
_CP_ON                            0000000F
_DEVID1                           00002006
_FOSC_EXTRC                       00003FFF
_FOSC_HS                          00003FFE
_FOSC_LP                          00003FFC
_FOSC_XT                          00003FFD
_HS_OSC                           00003FFE
_IDLOC0                           00002000
MPASM 5.87                       COUNTER.ASM   1-11-2026  17:16:05         PAGE  7


SYMBOL TABLE
  LABEL                             VALUE 

_IDLOC1                           00002001
_IDLOC2                           00002002
_IDLOC3                           00002003
_LP_OSC                           00003FFC
_PWRTE_OFF                        00003FFF
_PWRTE_ON                         00003FF7
_RC_OSC                           00003FFF
_WDTE_OFF                         00003FFB
_WDTE_ON                          00003FFF
_WDT_OFF                          00003FFB
_WDT_ON                           00003FFF
_XT_OSC                           00003FFD
__16F84A                          00000001
loop                              00000045
retfile                           00000004

Errors   :     0
Warnings :    12 reported,     0 suppressed
Messages :     3 reported,     0 suppressed

