MPLINK 5.09, LINKER
Linker Map File - Created Mon Dec 15 18:14:52 2025

                                 Section Info
                  Section       Type    Address   Location Size(Bytes)
                ---------  ---------  ---------  ---------  ---------
                   .org_0       code   0x000000    program   0x000002
                   .cinit    romdata   0x000001    program   0x000004
                   .org_1       code   0x000004    program   0x000054
.config_2007_BUILD/DEFAULT/PRODUCTION/DECODER       code   0x002007    program   0x000002



                              Program Memory Usage 
                               Start         End      
                           ---------   ---------      
                            0x000000    0x000002      
                            0x000004    0x00002d      
                            0x002007    0x002007      
            46 out of 1094 program addresses used, program memory utilization is 4%



                              Symbols - Sorted by Name
                     Name    Address   Location    Storage File                     
                ---------  ---------  ---------  --------- ---------                
                    Clear   0x000019    program     static C:\Users\johns\Downloads\coding-software\bit-banging\DECODER.X\DECODER.asm
                    Count   0x000016    program     static C:\Users\johns\Downloads\coding-software\bit-banging\DECODER.X\DECODER.asm
                    Delay   0x000020    program     static C:\Users\johns\Downloads\coding-software\bit-banging\DECODER.X\DECODER.asm
                Increment   0x00001d    program     static C:\Users\johns\Downloads\coding-software\bit-banging\DECODER.X\DECODER.asm
                     Init   0x000004    program     static C:\Users\johns\Downloads\coding-software\bit-banging\DECODER.X\DECODER.asm
                    Start   0x00000c    program     static C:\Users\johns\Downloads\coding-software\bit-banging\DECODER.X\DECODER.asm
            WaitForPulses   0x000011    program     static C:\Users\johns\Downloads\coding-software\bit-banging\DECODER.X\DECODER.asm
                     loop   0x000026    program     static C:\Users\johns\Downloads\coding-software\bit-banging\DECODER.X\DECODER.asm
                  retfile   0x000004    program     static C:\Users\johns\Downloads\coding-software\bit-banging\DECODER.X\DECODER.asm



                              Symbols - Sorted by Address
                     Name    Address   Location    Storage File                     
                ---------  ---------  ---------  --------- ---------                
                     Init   0x000004    program     static C:\Users\johns\Downloads\coding-software\bit-banging\DECODER.X\DECODER.asm
                  retfile   0x000004    program     static C:\Users\johns\Downloads\coding-software\bit-banging\DECODER.X\DECODER.asm
                    Start   0x00000c    program     static C:\Users\johns\Downloads\coding-software\bit-banging\DECODER.X\DECODER.asm
            WaitForPulses   0x000011    program     static C:\Users\johns\Downloads\coding-software\bit-banging\DECODER.X\DECODER.asm
                    Count   0x000016    program     static C:\Users\johns\Downloads\coding-software\bit-banging\DECODER.X\DECODER.asm
                    Clear   0x000019    program     static C:\Users\johns\Downloads\coding-software\bit-banging\DECODER.X\DECODER.asm
                Increment   0x00001d    program     static C:\Users\johns\Downloads\coding-software\bit-banging\DECODER.X\DECODER.asm
                    Delay   0x000020    program     static C:\Users\johns\Downloads\coding-software\bit-banging\DECODER.X\DECODER.asm
                     loop   0x000026    program     static C:\Users\johns\Downloads\coding-software\bit-banging\DECODER.X\DECODER.asm


